exports[`CopyPopover component should render with no props 1`] = `
<span
  className="popover__group"
  onClick={[Function]}>
  some text is here
  <div
    className="popover copyPopover popover--l popover--bottom popover--rightAligned false">
    <h6
      className="text--left copyPopover__label">
      <i
        className="fa fa-check-circle" />
       Copied to Clipboard!
    </h6>
    <input
      className="input__text input__text--s copyPopover__input"
      readOnly={true}
      value="http://localhost/" />
  </div>
</span>
`;
