exports[`ResultsHeader Snapshots baseline snapshot 1`] = `
<div>
  <div
    className="panel panel--accent">
    <div
      className="panel__body">
      <div
        className="float--right">
        <span
          className="popover__group popover__hoverTrigger">
          <a
            className="actionLink"
            href="https://TEST.sparkpost.com/sign-up?return=http://localhost/&src=SP-Tools"
            title="Save Results">
            Save Results
          </a>
          <span
            className="popover popover--top popover--m">
            Create a free SparkPost account or login into your account to save results
          </span>
        </span>
        <span
          className="popover__group"
          onClick={[Function]}>
          <a
            className="actionLink"
            onClick={[Function]}
            style={Object {}}
            title="Share">
            Share
          </a>
          <div
            className="popover copyPopover popover--l popover--rightAligned popover--bottom">
            <h6
              className="text--left copyPopover__label">
              <i
                className="fa fa-check-circle " />
               Copied to Clipboard!
            </h6>
            <p
              className="copyPopover__copiedString">
              http://localhost/
            </p>
            <input
              className="copyPopover__hidden"
              readOnly={true}
              value="http://localhost/" />
          </div>
        </span>
        <a
          className="actionLink"
          onClick={[Function]}
          style={Object {}}
          title="Refresh">
          Refresh
        </a>
      </div>
      <h1
        className="marginBottom--none marginTop--xs">
        itchyandscratchy.com
      </h1>
      <p
        className="text--muted marginBottom--none h-hide">
        Tested on 
      </p>
    </div>
  </div>
</div>
`;
